// Jest Snapshot v1, https://goo.gl/fbAQLP

exports[`should handle no state being passed 1`] = `
Object {
  "users": Object {},
}
`;

exports[`should merge the object into the state when the action payload contains an entities property 1`] = `
Object {
  "other": Object {
    "foo": "bar",
  },
  "users": Object {
    "123": Object {
      "name": "bar",
    },
    "456": Object {
      "name": "foo",
    },
    "789": Object {
      "name": "baz",
    },
  },
}
`;
